[signals] skip BTCUSDT The operation was aborted due to timeout
[ticker][cmc] fetch failed
[ticker] fetch failed
[signals] skip BTCUSDT fetch failed
[signals] skip ETHUSDT fetch failed
[signals] skip SOLUSDT fetch failed
[signals] skip XRPUSDT fetch failed
[signals] skip ADAUSDT fetch failed
[signals] skip DOGEUSDT fetch failed
[signals] skip AVAXUSDT fetch failed
[signals] skip LINKUSDT fetch failed
[signals] skip DOTUSDT fetch failed
[ticker][cmc] fetch failed
[signals] skip LTCUSDT fetch failed
[ticker] fetch failed
[signals] skip BNBUSDT fetch failed
[signals] skip POLUSDT fetch failed
[ticker][cmc] fetch failed
[ticker] fetch failed
[ticker][cmc] fetch failed
[ticker] fetch failed
[signals] skip BTCUSDT The operation was aborted due to timeout
[signals] skip ADAUSDT The operation was aborted due to timeout
